{
    "python_version": "3",
    "pip_dependencies": {
        "wheel": [
            {
                "module": "beautifulsoup4",
                "input_file": "wheels/beautifulsoup4-4.9.1-py3-none-any.whl"
            },
            {
                "module": "certifi",
                "input_file": "wheels/certifi-2021.10.8-py2.py3-none-any.whl"
            },
            {
                "module": "charset_normalizer",
                "input_file": "wheels/charset_normalizer-2.0.10-py3-none-any.whl"
            },
            {
                "module": "idna",
                "input_file": "wheels/idna-3.3-py3-none-any.whl"
            },
            {
                "module": "requests",
                "input_file": "wheels/requests-2.26.0-py2.py3-none-any.whl"
            },
            {
                "module": "soupsieve",
                "input_file": "wheels/soupsieve-2.3.1-py3-none-any.whl"
            },
            {
                "module": "urllib3",
                "input_file": "wheels/urllib3-1.26.7-py2.py3-none-any.whl"
            }
        ]
    }
}