{
  "python_version": "3",
  "pip313_dependencies": {
    "wheel": [
      {
        "module": "simplejson",
        "input_file": "wheels/py3/simplejson-3.19.2-py3-none-any.whl"
      }
    ]
  },
  "pip39_dependencies": {
    "wheel": [
      {
        "module": "simplejson",
        "input_file": "wheels/py39/simplejson-3.19.2-cp39-cp39-manylinux1_x86_64.manylinux2014_x86_64.manylinux_2_17_x86_64.manylinux_2_28_x86_64.manylinux_2_5_x86_64.whl"
      }
    ]
  }
}
