{
    "python_version": "3",
    "pip39_dependencies": {
        "wheel": [
            {
                "module": "dnspython",
                "input_file": "wheels/shared/dnspython-1.16.0-py2.py3-none-any.whl"
            }
        ]
    }
}
