{
  "python_version": "2.7",
  "pip_dependencies": {
    "wheel": [
      {
        "module": "backports.functools_lru_cache",
        "input_file": "wheels/shared/backports.functools_lru_cache-1.6.4-py2.py3-none-any.whl"
      },
      {
        "module": "beautifulsoup4",
        "input_file": "wheels/py2/beautifulsoup4-4.9.1-py2-none-any.whl"
      },
      {
        "module": "certifi",
        "input_file": "wheels/shared/certifi-2021.10.8-py2.py3-none-any.whl"
      },
      {
        "module": "chardet",
        "input_file": "wheels/shared/chardet-4.0.0-py2.py3-none-any.whl"
      },
      {
        "module": "idna",
        "input_file": "wheels/shared/idna-2.10-py2.py3-none-any.whl"
      },
      {
        "module": "requests",
        "input_file": "wheels/shared/requests-2.26.0-py2.py3-none-any.whl"
      },
      {
        "module": "soupsieve",
        "input_file": "wheels/shared/soupsieve-1.9.6-py2.py3-none-any.whl"
      },
      {
        "module": "urllib3",
        "input_file": "wheels/shared/urllib3-1.26.12-py2.py3-none-any.whl"
      }
    ]
  }
}
