{
    "python_version": "3",
    "pip_dependencies": {
        "wheel": [
            {
                "module": "beautifulsoup4",
                "input_file": "wheels/py3/beautifulsoup4-4.9.1-py3-none-any.whl"
            },
            {
                "module": "dnspython",
                "input_file": "wheels/shared/dnspython-1.16.0-py2.py3-none-any.whl"
            },
            {
                "module": "soupsieve",
                "input_file": "wheels/py3/soupsieve-2.3.2.post1-py3-none-any.whl"
            }
        ]
    },
    "pip39_dependencies": {
        "wheel": [
            {
                "module": "beautifulsoup4",
                "input_file": "wheels/py3/beautifulsoup4-4.9.1-py3-none-any.whl"
            },
            {
                "module": "dnspython",
                "input_file": "wheels/shared/dnspython-1.16.0-py2.py3-none-any.whl"
            },
            {
                "module": "soupsieve",
                "input_file": "wheels/py3/soupsieve-2.5-py3-none-any.whl"
            }
        ]
    }
}
